Started by user admin
Running as SYSTEM
Building in workspace C:\ProgramData\Jenkins\.jenkins\workspace\mediawiki
[mediawiki] $ cmd /c call C:\WINDOWS\TEMP\jenkins17252040177912627664.bat

C:\ProgramData\Jenkins\.jenkins\workspace\mediawiki>helm repo add stable https://charts.helm.sh/stable 
"stable" already exists with the same configuration, skipping

C:\ProgramData\Jenkins\.jenkins\workspace\mediawiki>terraform init 

[0m[1mInitializing the backend...[0m

[0m[1mInitializing provider plugins...[0m
- Reusing previous version of hashicorp/helm from the dependency lock file
- Using previously-installed hashicorp/helm v2.10.1

[0m[1m[32mTerraform has been successfully initialized![0m[32m[0m
[0m[32m
You may now begin working with Terraform. Try running "terraform plan" to see
any changes that are required for your infrastructure. All Terraform commands
should now work.

If you ever set or change modules or backend configuration for Terraform,
rerun this command to reinitialize your working directory. If you forget, other
commands will detect it and remind you to do so if necessary.[0m

C:\ProgramData\Jenkins\.jenkins\workspace\mediawiki>terraform plan 
[0m[1mhelm_release.mediawiki: Refreshing state... [id=mediawiki7][0m

Terraform used the selected providers to generate the following execution
plan. Resource actions are indicated with the following symbols:
  [32m+[0m create[0m

Terraform will perform the following actions:

[1m  # helm_release.mediawiki[0m will be created
[0m  [32m+[0m[0m resource "helm_release" "mediawiki" {
      [32m+[0m[0m atomic                     = false
      [32m+[0m[0m chart                      = "stable/mediawiki"
      [32m+[0m[0m cleanup_on_fail            = false
      [32m+[0m[0m create_namespace           = false
      [32m+[0m[0m dependency_update          = false
      [32m+[0m[0m disable_crd_hooks          = false
      [32m+[0m[0m disable_openapi_validation = false
      [32m+[0m[0m disable_webhooks           = false
      [32m+[0m[0m force_update               = false
      [32m+[0m[0m id                         = (known after apply)
      [32m+[0m[0m lint                       = false
      [32m+[0m[0m manifest                   = (known after apply)
      [32m+[0m[0m max_history                = 0
      [32m+[0m[0m metadata                   = (known after apply)
      [32m+[0m[0m name                       = "mediawiki8"
      [32m+[0m[0m namespace                  = "default"
      [32m+[0m[0m pass_credentials           = false
      [32m+[0m[0m recreate_pods              = false
      [32m+[0m[0m render_subchart_notes      = true
      [32m+[0m[0m replace                    = false
      [32m+[0m[0m reset_values               = false
      [32m+[0m[0m reuse_values               = false
      [32m+[0m[0m skip_crds                  = false
      [32m+[0m[0m status                     = "deployed"
      [32m+[0m[0m timeout                    = 300
      [32m+[0m[0m verify                     = false
      [32m+[0m[0m version                    = "9.1.9"
      [32m+[0m[0m wait                       = true
      [32m+[0m[0m wait_for_jobs              = false

      [32m+[0m[0m set {
          [32m+[0m[0m name  = "ALLOW_EMPTY_PASSWORD"
          [32m+[0m[0m value = "no"
        }
      [32m+[0m[0m set {
          [32m+[0m[0m name  = "mariadb.db.password"
          [32m+[0m[0m value = "TG1GdDhWalY2Yd=="
        }
      [32m+[0m[0m set {
          [32m+[0m[0m name  = "mediawikiHost"
          [32m+[0m[0m value = "mediawiki"
        }
    }

[1mPlan:[0m 1 to add, 0 to change, 0 to destroy.
[0m[90m
â”€â”€â”€â”€â”€â”€â”€â”€â”€â”€â”€â”€â”€â”€â”€â”€â”€â”€â”€â”€â”€â”€â”€â”€â”€â”€â”€â”€â”€â”€â”€â”€â”€â”€â”€â”€â”€â”€â”€â”€â”€â”€â”€â”€â”€â”€â”€â”€â”€â”€â”€â”€â”€â”€â”€â”€â”€â”€â”€â”€â”€â”€â”€â”€â”€â”€â”€â”€â”€â”€â”€â”€â”€â”€â”€â”€â”€[0m

Note: You didn't use the -out option to save this plan, so Terraform can't
guarantee to take exactly these actions if you run "terraform apply" now.

C:\ProgramData\Jenkins\.jenkins\workspace\mediawiki>terraform apply -auto-approve 
[0m[1mhelm_release.mediawiki: Refreshing state... [id=mediawiki7][0m

Terraform used the selected providers to generate the following execution
plan. Resource actions are indicated with the following symbols:
  [32m+[0m create[0m

Terraform will perform the following actions:

[1m  # helm_release.mediawiki[0m will be created
[0m  [32m+[0m[0m resource "helm_release" "mediawiki" {
      [32m+[0m[0m atomic                     = false
      [32m+[0m[0m chart                      = "stable/mediawiki"
      [32m+[0m[0m cleanup_on_fail            = false
      [32m+[0m[0m create_namespace           = false
      [32m+[0m[0m dependency_update          = false
      [32m+[0m[0m disable_crd_hooks          = false
      [32m+[0m[0m disable_openapi_validation = false
      [32m+[0m[0m disable_webhooks           = false
      [32m+[0m[0m force_update               = false
      [32m+[0m[0m id                         = (known after apply)
      [32m+[0m[0m lint                       = false
      [32m+[0m[0m manifest                   = (known after apply)
      [32m+[0m[0m max_history                = 0
      [32m+[0m[0m metadata                   = (known after apply)
      [32m+[0m[0m name                       = "mediawiki8"
      [32m+[0m[0m namespace                  = "default"
      [32m+[0m[0m pass_credentials           = false
      [32m+[0m[0m recreate_pods              = false
      [32m+[0m[0m render_subchart_notes      = true
      [32m+[0m[0m replace                    = false
      [32m+[0m[0m reset_values               = false
      [32m+[0m[0m reuse_values               = false
      [32m+[0m[0m skip_crds                  = false
      [32m+[0m[0m status                     = "deployed"
      [32m+[0m[0m timeout                    = 300
      [32m+[0m[0m verify                     = false
      [32m+[0m[0m version                    = "9.1.9"
      [32m+[0m[0m wait                       = true
      [32m+[0m[0m wait_for_jobs              = false

      [32m+[0m[0m set {
          [32m+[0m[0m name  = "ALLOW_EMPTY_PASSWORD"
          [32m+[0m[0m value = "no"
        }
      [32m+[0m[0m set {
          [32m+[0m[0m name  = "mariadb.db.password"
          [32m+[0m[0m value = "TG1GdDhWalY2Yd=="
        }
      [32m+[0m[0m set {
          [32m+[0m[0m name  = "mediawikiHost"
          [32m+[0m[0m value = "mediawiki"
        }
    }

[1mPlan:[0m 1 to add, 0 to change, 0 to destroy.
[0m[0m[1mhelm_release.mediawiki: Creating...[0m[0m
[0m[1mhelm_release.mediawiki: Still creating... [10s elapsed][0m[0m
[0m[1mhelm_release.mediawiki: Still creating... [20s elapsed][0m[0m
[0m[1mhelm_release.mediawiki: Still creating... [30s elapsed][0m[0m
[0m[1mhelm_release.mediawiki: Still creating... [40s elapsed][0m[0m
[0m[1mhelm_release.mediawiki: Still creating... [50s elapsed][0m[0m
[0m[1mhelm_release.mediawiki: Still creating... [1m0s elapsed][0m[0m
[0m[1mhelm_release.mediawiki: Still creating... [1m10s elapsed][0m[0m
[0m[1mhelm_release.mediawiki: Still creating... [1m20s elapsed][0m[0m
[0m[1mhelm_release.mediawiki: Still creating... [1m30s elapsed][0m[0m
[0m[1mhelm_release.mediawiki: Still creating... [1m40s elapsed][0m[0m
[0m[1mhelm_release.mediawiki: Still creating... [1m50s elapsed][0m[0m
[0m[1mhelm_release.mediawiki: Still creating... [2m0s elapsed][0m[0m
[0m[1mhelm_release.mediawiki: Still creating... [2m10s elapsed][0m[0m
[0m[1mhelm_release.mediawiki: Still creating... [2m20s elapsed][0m[0m
[0m[1mhelm_release.mediawiki: Still creating... [2m30s elapsed][0m[0m
[0m[1mhelm_release.mediawiki: Still creating... [2m40s elapsed][0m[0m
[0m[1mhelm_release.mediawiki: Still creating... [2m50s elapsed][0m[0m
[0m[1mhelm_release.mediawiki: Still creating... [3m0s elapsed][0m[0m
[0m[1mhelm_release.mediawiki: Still creating... [3m10s elapsed][0m[0m
[0m[1mhelm_release.mediawiki: Still creating... [3m20s elapsed][0m[0m
[0m[1mhelm_release.mediawiki: Still creating... [3m30s elapsed][0m[0m
[0m[1mhelm_release.mediawiki: Still creating... [3m40s elapsed][0m[0m
[0m[1mhelm_release.mediawiki: Still creating... [3m50s elapsed][0m[0m
[0m[1mhelm_release.mediawiki: Still creating... [4m0s elapsed][0m[0m
[0m[1mhelm_release.mediawiki: Still creating... [4m10s elapsed][0m[0m
[0m[1mhelm_release.mediawiki: Still creating... [4m20s elapsed][0m[0m
[0m[1mhelm_release.mediawiki: Still creating... [4m30s elapsed][0m[0m
[0m[1mhelm_release.mediawiki: Still creating... [4m40s elapsed][0m[0m
[0m[1mhelm_release.mediawiki: Still creating... [4m50s elapsed][0m[0m
[0m[1mhelm_release.mediawiki: Still creating... [5m0s elapsed][0m[0m
[33mâ•·[0m[0m
[33mâ”‚[0m [0m[1m[33mWarning: [0m[0m[1mHelm release "mediawiki8" was created but has a failed status. Use the `helm` command to investigate the error, correct it, then run Terraform again.[0m
[33mâ”‚[0m [0m
[33mâ”‚[0m [0m[0m  with helm_release.mediawiki,
[33mâ”‚[0m [0m  on main.tf line 19, in resource "helm_release" "mediawiki":
[33mâ”‚[0m [0m  19: resource "helm_release" "mediawiki" [4m{[0m[0m
[33mâ”‚[0m [0m
[33mâ•µ[0m[0m
[31mâ•·[0m[0m
[31mâ”‚[0m [0m[1m[31mError: [0m[0m[1mcontext deadline exceeded[0m
[31mâ”‚[0m [0m
[31mâ”‚[0m [0m[0m  with helm_release.mediawiki,
[31mâ”‚[0m [0m  on main.tf line 19, in resource "helm_release" "mediawiki":
[31mâ”‚[0m [0m  19: resource "helm_release" "mediawiki" [4m{[0m[0m
[31mâ”‚[0m [0m
[31mâ•µ[0m[0m

C:\ProgramData\Jenkins\.jenkins\workspace\mediawiki>exit 1 
Build step 'Execute Windows batch command' marked build as failure
Finished: FAILURE
